toothbrush                          4.95
  0.99 * 5
3 for 2(toothbrush)                -0.99

Total:                              3.96
