cherry tomato box                   1.38
  0.69 * 2
2 for 0.99(cherry tomato box)      -0.39

Total:                              0.99
