rice                                2.99
toothbrush                          0.99

Total:                              3.98
