toothbrush                          0.99
apples                              1.49
  1.99 * 0.750

Total:                              2.48