toothbrush                          2.97
  0.99 * 3
apples                              1.49
  1.99 * 0.750
3 for 2(toothbrush)                -0.99

Total:                              3.47
