apples                             -0.99
  1.99 * 0.000
3 for 2(apples)                    -0.99

Total:                             -0.99